host: apl  cpus: 32  start: Sat Aug 15 20:07:16 UTC 2026
env OK  numpy 1.26.4 transformers 4.50.3
KG dir: /shared/workspace/povejmo/gams_gtlm/data/kg_raw/OntoLex DSB  (2594 .nt files)
[parse] 2594 files x 32 workers
[parse] 200/2594  3s
[parse] 400/2594  5s
[parse] 600/2594  8s
[parse] 800/2594  10s
[parse] 1000/2594  12s
[parse] 1200/2594  15s
[parse] 1400/2594  22s
[parse] 1600/2594  29s
[parse] 1800/2594  32s
[parse] 2000/2594  34s
[parse] 2200/2594  36s
[parse] 2400/2594  44s
[trans] dropped 155,140 translation-chain edges (collapsed onto translation-form)
[parse] done 60s  canon=4,340,597 other=8,678,916 sense=8,468,227 usage=14,722,502 constit=10,265,230 corr=10,262,712 tsrc=77,570 member=9,645,845 syn=362,520 ant=6,898 wr=12,900,645 wrf=77,570 dfn=225,618 val=12,119,158 feat=8,920,501 pos=400,180
[collapse] 10,253,936 MWE->word constituent edges
[colloc] 4,717,087 collocation IRIs, member-count hist={1: 8875, 2: 4707758, 3: 406, 4: 44, 5: 4}, 4,707,758 binary -> 2,981,731 distinct pairings
[reify] syn=181,260 ant=3,449 pairings
[nodes] 33,569,351 IRI-backed nodes, 42,201,151 IRI-backed edges
[text] 33,569,072 with text, 279 textless (0.00%) by type: {'word-form': 278, 'example': 1}
[mint] 181,260 sopomenka + 3,449 protipomenka + 2,981,731 kolokacija nodes (6,332,880 edges)
[nodes] final 36,735,791 nodes / 48,534,031 directed edges  (279 textless, 0.00%)
[csr] 97,068,062 half-edges  230s
[tok] GaMS-2B loaded
[tok] 32,009,992 unique node texts
[seeds] 4,340,597 candidate anchor nodes
[seeds] 400 total (34 word, 366 MWE)
[variant] expand_examples_colloc done 85s
[variant] expand_examples_nocolloc done 85s
[variant] expand_noexamples_colloc done 85s
[variant] expand_noexamples_nocolloc done 85s
[variant] collapse_examples_colloc done 85s
[variant] collapse_examples_nocolloc done 84s
[variant] collapse_noexamples_colloc done 85s
[variant] collapse_noexamples_nocolloc done 85s
[done] wrote /shared/workspace/povejmo/gams_gtlm/data/kg_analysis/results_v3.json
end: Sat Aug 15 20:31:02 UTC 2026
