host: apl  start: Sat Aug 22 00:06:34 UTC 2026
[load] 37,498,126 nodes / 50,058,701 edges from /shared/workspace/povejmo/gams_gtlm/data/stores/kg_graph_v7_gemma3  0.0s
[store] /shared/workspace/povejmo/gams_gtlm/data/stores/kg_graph_v7_gemma3  convention=v7  37,498,126 nodes
[3.1b] fan-out ...
{
  "collocation_bearing_senses": 120871,
  "p50": 4,
  "p90": 114,
  "p99": 1055,
  "max": 64842,
  "above_K": 35446,
  "above_K_share": 0.29325479229922813,
  "hubs": [
    [
      "pomen 1: biti",
      64842
    ],
    [
      "pomen 1: imeti",
      30032
    ],
    [
      "pomen 1: leto",
      24242
    ],
    [
      "pomen 1: iti",
      14570
    ],
    [
      "pomen 1: tako",
      12993
    ],
    [
      "pomen 1: priti",
      11377
    ],
    [
      "pomen 1: čas",
      11197
    ],
    [
      "pomen 1: dan",
      11072
    ]
  ]
}
[3.1b] anchor proxy ...
    20,000/100,801
    40,000/100,801
    60,000/100,801
    80,000/100,801
    100,000/100,801
    top: [('prikazati', 423479), ('biti', 247255), ('in', 189951), ('s', 181344), ('celoti', 163061), ('silo', 162005), ('komu', 109573), ('na', 98939), ('na', 85546), ('po', 80840)]
[3.1b] ball cost over the top 400 anchors ...
    cap=0 50/400
    cap=0 100/400
    cap=0 150/400
    cap=0 200/400
    cap=0 250/400
    cap=0 300/400
    cap=0 350/400
    cap=0 400/400
    cap=15 50/400
    cap=15 100/400
    cap=15 150/400
    cap=15 200/400
    cap=15 250/400
    cap=15 300/400
    cap=15 350/400
    cap=15 400/400
    cap=50 50/400
    cap=50 100/400
    cap=50 150/400
    cap=50 200/400
    cap=50 250/400
    cap=50 300/400
    cap=50 350/400
    cap=50 400/400
    cap=100 50/400
    cap=100 100/400
    cap=100 150/400
    cap=100 200/400
    cap=100 250/400
    cap=100 300/400
    cap=100 350/400
    cap=100 400/400
    cap=None 50/400
    cap=None 100/400
    cap=None 150/400
    cap=None 200/400
    cap=None 250/400
    cap=None 300/400
    cap=None 350/400
    cap=None 400/400
{
  "0": {
    "p50": 2151,
    "p90": 3228,
    "p99": 6812,
    "max": 9936
  },
  "15": {
    "p50": 2292,
    "p90": 3372,
    "p99": 6974,
    "max": 10065
  },
  "50": {
    "p50": 2619,
    "p90": 3685,
    "p99": 7294,
    "max": 10378
  },
  "100": {
    "p50": 3099,
    "p90": 4171,
    "p99": 7722,
    "max": 10833
  },
  "uncapped": {
    "p50": 30936,
    "p90": 58527,
    "p99": 111292,
    "max": 588537
  }
}
[3.1c] power law ...
{'slope': -1.8057569337010106, 'r2': 0.9320310582402722, 'n': 120871}
[3.1c] scheme comparison on 'voda' ...
{
  "voda": {
    "pool_size": 4589,
    "pool": {
      "p10": 11,
      "p50": 184,
      "p90": 1741,
      "max": 64842,
      "above_2000": 369
    },
    "uniform": {
      "partner_proxy_p50": 179.66666666666666,
      "hub_partners_mean": 0.8,
      "hub_partners_sd": 0.6531972647421809,
      "sample": [
        "obtok vode",
        "zajetje z vodo",
        "barake brez vode"
      ]
    },
    "log1p": {
      "partner_proxy_p50": 314.9,
      "hub_partners_mean": 1.7,
      "hub_partners_sd": 1.0376254944182255,
      "sample": [
        "barake brez vode",
        "hladilnik vode",
        "odvesti vodo"
      ]
    },
    "linear": {
      "partner_proxy_p50": 14637.366666666667,
      "hub_partners_mean": 10.233333333333333,
      "hub_partners_sd": 1.4761059883656353,
      "sample": [
        "imeti med vodami",
        "biti med vodami",
        "podjetje nad vodo"
      ]
    }
  }
}
[out] /shared/workspace/povejmo/gams_gtlm/data/analysis/results/d5b_v7.json
=============== control: the same measurement on v6 ===============
[load] 36,735,791 nodes / 48,534,031 edges from /shared/workspace/povejmo/gams_gtlm/data/stores/kg_graph_v6_gemma3  0.0s
[store] /shared/workspace/povejmo/gams_gtlm/data/stores/kg_graph_v6_gemma3  convention=v6  36,735,791 nodes
[3.1b] fan-out ...
{
  "collocation_bearing_senses": 120871,
  "p50": 4,
  "p90": 101,
  "p99": 791,
  "max": 14233,
  "above_K": 34827,
  "above_K_share": 0.2881336300684201,
  "hubs": [
    [
      "pomen 1: imeti",
      14233
    ],
    [
      "pomen 1: biti",
      13873
    ],
    [
      "pomen 1: tako",
      10801
    ],
    [
      "pomen 1: iti",
      9749
    ],
    [
      "pomen 1: leto",
      8714
    ],
    [
      "pomen 1: bolj",
      8272
    ],
    [
      "pomen 1: priti",
      7049
    ],
    [
      "pomen 1: čas",
      6921
    ]
  ]
}
[3.1b] anchor proxy ...
    20,000/100,801
    40,000/100,801
    60,000/100,801
    80,000/100,801
    100,000/100,801
    top: [('prikazati', 423468), ('biti', 196286), ('in', 189951), ('s', 181344), ('celoti', 163058), ('silo', 162005), ('komu', 109573), ('na', 98939), ('na', 85546), ('po', 80840)]
[3.1b] ball cost over the top 400 anchors ...
    cap=0 50/400
    cap=0 100/400
    cap=0 150/400
    cap=0 200/400
    cap=0 250/400
    cap=0 300/400
    cap=0 350/400
    cap=0 400/400
    cap=15 50/400
    cap=15 100/400
    cap=15 150/400
    cap=15 200/400
    cap=15 250/400
    cap=15 300/400
    cap=15 350/400
    cap=15 400/400
    cap=50 50/400
    cap=50 100/400
    cap=50 150/400
    cap=50 200/400
    cap=50 250/400
    cap=50 300/400
    cap=50 350/400
    cap=50 400/400
    cap=100 50/400
    cap=100 100/400
    cap=100 150/400
    cap=100 200/400
    cap=100 250/400
    cap=100 300/400
    cap=100 350/400
    cap=100 400/400
    cap=None 50/400
    cap=None 100/400
    cap=None 150/400
    cap=None 200/400
    cap=None 250/400
    cap=None 300/400
    cap=None 350/400
    cap=None 400/400
{
  "0": {
    "p50": 2142,
    "p90": 3243,
    "p99": 6812,
    "max": 9936
  },
  "15": {
    "p50": 2285,
    "p90": 3406,
    "p99": 6974,
    "max": 10072
  },
  "50": {
    "p50": 2608,
    "p90": 3723,
    "p99": 7289,
    "max": 10385
  },
  "100": {
    "p50": 3088,
    "p90": 4181,
    "p99": 7714,
    "max": 10833
  },
  "uncapped": {
    "p50": 23009,
    "p90": 41937,
    "p99": 80936,
    "max": 136146
  }
}
[3.1c] power law ...
{'slope': -1.7481722655419794, 'r2': 0.9260549877209678, 'n': 120871}
[3.1c] scheme comparison on 'voda' ...
{
  "voda": {
    "pool_size": 3026,
    "pool": {
      "p10": 7,
      "p50": 105,
      "p90": 955,
      "max": 14233,
      "above_2000": 115
    },
    "uniform": {
      "partner_proxy_p50": 109.23333333333333,
      "hub_partners_mean": 0.4666666666666667,
      "hub_partners_sd": 0.5617433182117573,
      "sample": [
        "dol v vodo",
        "zjutraj z vodo",
        "voda se ne ogreje"
      ]
    },
    "log1p": {
      "partner_proxy_p50": 245.33333333333334,
      "hub_partners_mean": 1.1666666666666667,
      "hub_partners_sd": 1.0354816378006046,
      "sample": [
        "vegetacija in voda",
        "dol v vodo",
        "prilesti iz vode"
      ]
    },
    "linear": {
      "partner_proxy_p50": 1416.9,
      "hub_partners_mean": 5.566666666666666,
      "hub_partners_sd": 1.7641491496532322,
      "sample": [
        "zjutraj z vodo",
        "voda do uporabnikov",
        "razmere brez vode"
      ]
    }
  }
}
[out] /shared/workspace/povejmo/gams_gtlm/data/analysis/results/d5b_v6.json
end: Sat Aug 22 00:12:42 UTC 2026
