host: ana  start: Sat Aug 22 19:28:25 UTC 2026
NVIDIA A100 80GB PCIe, 81920 MiB
model:  cjvt/GaMS3-12B-Instruct
prompt: /shared/workspace/povejmo/gams_gtlm/data/prompt.txt
items:  1,520

Loading checkpoint shards:   0%|          | 0/5 [00:00<?, ?it/s]Loading checkpoint shards:  20%|██        | 1/5 [00:04<00:17,  4.27s/it]Loading checkpoint shards:  40%|████      | 2/5 [00:07<00:10,  3.61s/it]Loading checkpoint shards:  60%|██████    | 3/5 [00:10<00:06,  3.37s/it]Loading checkpoint shards:  80%|████████  | 4/5 [00:13<00:03,  3.30s/it]Loading checkpoint shards: 100%|██████████| 5/5 [00:15<00:00,  2.90s/it]Loading checkpoint shards: 100%|██████████| 5/5 [00:15<00:00,  3.18s/it]
/shared/workspace/povejmo/graph_model/.venv/lib/python3.10/site-packages/transformers/generation/configuration_utils.py:628: UserWarning: `do_sample` is set to `False`. However, `temperature` is set to `0.6` -- this flag is only used in sample-based generation modes. You should set `do_sample=True` or unset `temperature`. This was detected when initializing the generation config instance, which means the corresponding file may hold incorrect parameterization and should be fixed.
  warnings.warn(
/shared/workspace/povejmo/graph_model/.venv/lib/python3.10/site-packages/transformers/generation/configuration_utils.py:633: UserWarning: `do_sample` is set to `False`. However, `top_p` is set to `0.95` -- this flag is only used in sample-based generation modes. You should set `do_sample=True` or unset `top_p`. This was detected when initializing the generation config instance, which means the corresponding file may hold incorrect parameterization and should be fixed.
  warnings.warn(
/shared/workspace/povejmo/graph_model/.venv/lib/python3.10/site-packages/transformers/generation/configuration_utils.py:650: UserWarning: `do_sample` is set to `False`. However, `top_k` is set to `64` -- this flag is only used in sample-based generation modes. You should set `do_sample=True` or unset `top_k`. This was detected when initializing the generation config instance, which means the corresponding file may hold incorrect parameterization and should be fixed.
  warnings.warn(
/shared/workspace/povejmo/graph_model/.venv/lib/python3.10/site-packages/transformers/generation/configuration_utils.py:628: UserWarning: `do_sample` is set to `False`. However, `temperature` is set to `0.6` -- this flag is only used in sample-based generation modes. You should set `do_sample=True` or unset `temperature`.
  warnings.warn(
/shared/workspace/povejmo/graph_model/.venv/lib/python3.10/site-packages/transformers/generation/configuration_utils.py:633: UserWarning: `do_sample` is set to `False`. However, `top_p` is set to `0.95` -- this flag is only used in sample-based generation modes. You should set `do_sample=True` or unset `top_p`.
  warnings.warn(
/shared/workspace/povejmo/graph_model/.venv/lib/python3.10/site-packages/transformers/generation/configuration_utils.py:650: UserWarning: `do_sample` is set to `False`. However, `top_k` is set to `64` -- this flag is only used in sample-based generation modes. You should set `do_sample=True` or unset `top_k`.
  warnings.warn(
  [32/1520]  4s
  [64/1520]  7s
  [96/1520]  10s
  [128/1520]  14s
  [160/1520]  17s
  [192/1520]  21s
  [224/1520]  24s
  [256/1520]  28s
  [288/1520]  32s
  [320/1520]  35s
  [352/1520]  38s
  [384/1520]  42s
  [416/1520]  46s
  [448/1520]  49s
  [480/1520]  53s
  [512/1520]  57s
  [544/1520]  60s
  [576/1520]  64s
  [608/1520]  68s
  [640/1520]  78s
  [672/1520]  81s
  [704/1520]  85s
  [736/1520]  88s
  [768/1520]  92s
  [800/1520]  95s
  [832/1520]  99s
  [864/1520]  103s
  [896/1520]  107s
  [928/1520]  111s
  [960/1520]  115s
  [992/1520]  119s
  [1024/1520]  122s
  [1056/1520]  126s
  [1088/1520]  130s
  [1120/1520]  133s
  [1152/1520]  137s
  [1184/1520]  140s
  [1216/1520]  144s
  [1248/1520]  148s
  [1280/1520]  151s
  [1312/1520]  156s
  [1344/1520]  161s
  [1376/1520]  166s
  [1408/1520]  170s
  [1440/1520]  174s
  [1472/1520]  177s
  [1504/1520]  180s
  [1520/1520]  182s

 type     n   parsed   recall  resolved  empty []  extra/item
   T1    80   100.0%    98.8%     95.0%      0.0%        0.01
   T2    80   100.0%    98.8%     96.2%      0.0%        0.01
   T3    80   100.0%    98.8%     98.8%      0.0%        0.01
   T4    80   100.0%    95.0%     88.8%      0.0%        0.05
   T5    80   100.0%    98.8%     97.5%      0.0%        0.01
   T6    80   100.0%   100.0%     98.8%      0.0%        0.00
   T7    80   100.0%    98.8%     98.8%      0.0%        0.11
   T8    80   100.0%    90.0%     85.0%      3.8%        0.11
   T9    80   100.0%    97.5%     97.5%      0.0%        0.03
  T10    80   100.0%    95.0%     95.0%      0.0%        0.07
  T11    80   100.0%    93.8%     93.8%      1.2%        0.07
  T12    80   100.0%    97.5%     93.8%      0.0%        0.03
  T14    80   100.0%    96.2%     95.0%      0.0%        0.09
  T15    80   100.0%   100.0%     97.5%      0.0%        0.00
  T16    80   100.0%    96.2%     95.0%      0.0%        0.09
  T17    80    98.8%    92.5%     92.5%      0.0%        0.06
  T19    80   100.0%    98.8%     97.5%      0.0%        0.01
  T20    80   100.0%    98.8%     90.0%      1.2%        0.00
  T21    80   100.0%    46.2%     92.5%      0.0%        0.60
  ALL  1520    99.9%    94.3%     94.7%      0.3%        0.07

returned strings per item: mean 1.03 p90 1 max 3
negatives: recall 88.3 % over 120 items

[wrote] /shared/workspace/povejmo/gams_gtlm/data/analysis/results/extraction_v1.json
[wrote] /shared/workspace/povejmo/gams_gtlm/data/analysis/results/extraction_v1_items.jsonl
end: Sat Aug 22 19:31:55 UTC 2026
