host: ana  start: Sat Aug 22 19:28:25 UTC 2026
NVIDIA A100 80GB PCIe, 81920 MiB
model:  cjvt/GaMS3-12B-Instruct
prompt: /shared/workspace/povejmo/gams_gtlm/data/prompt_v3.txt
items:  1,520

Loading checkpoint shards:   0%|          | 0/5 [00:00<?, ?it/s]Loading checkpoint shards:  20%|██        | 1/5 [00:04<00:16,  4.05s/it]Loading checkpoint shards:  40%|████      | 2/5 [00:07<00:10,  3.52s/it]Loading checkpoint shards:  60%|██████    | 3/5 [00:10<00:06,  3.32s/it]Loading checkpoint shards:  80%|████████  | 4/5 [00:13<00:03,  3.26s/it]Loading checkpoint shards: 100%|██████████| 5/5 [00:15<00:00,  2.89s/it]Loading checkpoint shards: 100%|██████████| 5/5 [00:15<00:00,  3.14s/it]
/shared/workspace/povejmo/graph_model/.venv/lib/python3.10/site-packages/transformers/generation/configuration_utils.py:628: UserWarning: `do_sample` is set to `False`. However, `temperature` is set to `0.6` -- this flag is only used in sample-based generation modes. You should set `do_sample=True` or unset `temperature`. This was detected when initializing the generation config instance, which means the corresponding file may hold incorrect parameterization and should be fixed.
  warnings.warn(
/shared/workspace/povejmo/graph_model/.venv/lib/python3.10/site-packages/transformers/generation/configuration_utils.py:633: UserWarning: `do_sample` is set to `False`. However, `top_p` is set to `0.95` -- this flag is only used in sample-based generation modes. You should set `do_sample=True` or unset `top_p`. This was detected when initializing the generation config instance, which means the corresponding file may hold incorrect parameterization and should be fixed.
  warnings.warn(
/shared/workspace/povejmo/graph_model/.venv/lib/python3.10/site-packages/transformers/generation/configuration_utils.py:650: UserWarning: `do_sample` is set to `False`. However, `top_k` is set to `64` -- this flag is only used in sample-based generation modes. You should set `do_sample=True` or unset `top_k`. This was detected when initializing the generation config instance, which means the corresponding file may hold incorrect parameterization and should be fixed.
  warnings.warn(
/shared/workspace/povejmo/graph_model/.venv/lib/python3.10/site-packages/transformers/generation/configuration_utils.py:628: UserWarning: `do_sample` is set to `False`. However, `temperature` is set to `0.6` -- this flag is only used in sample-based generation modes. You should set `do_sample=True` or unset `temperature`.
  warnings.warn(
/shared/workspace/povejmo/graph_model/.venv/lib/python3.10/site-packages/transformers/generation/configuration_utils.py:633: UserWarning: `do_sample` is set to `False`. However, `top_p` is set to `0.95` -- this flag is only used in sample-based generation modes. You should set `do_sample=True` or unset `top_p`.
  warnings.warn(
/shared/workspace/povejmo/graph_model/.venv/lib/python3.10/site-packages/transformers/generation/configuration_utils.py:650: UserWarning: `do_sample` is set to `False`. However, `top_k` is set to `64` -- this flag is only used in sample-based generation modes. You should set `do_sample=True` or unset `top_k`.
  warnings.warn(
  [32/1520]  6s
  [64/1520]  11s
  [96/1520]  16s
  [128/1520]  22s
  [160/1520]  27s
  [192/1520]  32s
  [224/1520]  37s
  [256/1520]  43s
  [288/1520]  48s
  [320/1520]  53s
  [352/1520]  59s
  [384/1520]  64s
  [416/1520]  69s
  [448/1520]  75s
  [480/1520]  80s
  [512/1520]  85s
  [544/1520]  91s
  [576/1520]  96s
  [608/1520]  101s
  [640/1520]  107s
  [672/1520]  112s
  [704/1520]  118s
  [736/1520]  123s
  [768/1520]  128s
  [800/1520]  134s
  [832/1520]  140s
  [864/1520]  146s
  [896/1520]  152s
  [928/1520]  159s
  [960/1520]  166s
  [992/1520]  171s
  [1024/1520]  177s
  [1056/1520]  182s
  [1088/1520]  188s
  [1120/1520]  194s
  [1152/1520]  199s
  [1184/1520]  205s
  [1216/1520]  210s
  [1248/1520]  216s
  [1280/1520]  221s
  [1312/1520]  227s
  [1344/1520]  232s
  [1376/1520]  238s
  [1408/1520]  244s
  [1440/1520]  250s
  [1472/1520]  256s
  [1504/1520]  261s
  [1520/1520]  264s

 type     n   parsed   recall  resolved  empty []  extra/item
   T1    80   100.0%   100.0%     96.2%      0.0%        0.00
   T2    80   100.0%    98.8%     96.2%      0.0%        0.01
   T3    80   100.0%    95.0%     98.8%      0.0%        0.05
   T4    80   100.0%   100.0%     88.8%      0.0%        0.00
   T5    80   100.0%    98.8%     97.5%      0.0%        0.01
   T6    80   100.0%   100.0%     98.8%      0.0%        0.00
   T7    80   100.0%   100.0%    100.0%      0.0%        0.00
   T8    80   100.0%    96.2%     91.2%      0.0%        0.04
   T9    80   100.0%    97.5%     97.5%      0.0%        0.03
  T10    80   100.0%    98.8%     98.8%      0.0%        0.01
  T11    80   100.0%    98.8%     97.5%      0.0%        0.01
  T12    80   100.0%    98.8%     95.0%      0.0%        0.01
  T14    80   100.0%    97.5%     96.2%      0.0%        0.03
  T15    80   100.0%   100.0%     97.5%      0.0%        0.00
  T16    80   100.0%    97.5%     98.8%      0.0%        0.03
  T17    80   100.0%    98.8%     97.5%      0.0%        0.01
  T19    80   100.0%    98.8%     96.2%      0.0%        0.01
  T20    80   100.0%   100.0%     90.0%      0.0%        0.00
  T21    80   100.0%    86.2%     90.0%      0.0%        0.33
  ALL  1520   100.0%    98.0%     95.9%      0.0%        0.03

returned strings per item: mean 1.01 p90 1 max 2
negatives: recall 93.3 % over 120 items

[wrote] /shared/workspace/povejmo/gams_gtlm/data/analysis/results/extraction_v3.json
[wrote] /shared/workspace/povejmo/gams_gtlm/data/analysis/results/extraction_v3_items.jsonl
end: Sat Aug 22 19:33:16 UTC 2026
