host: ixb1  start: Sat Aug 22 20:03:55 UTC 2026  shard 1/4
[inner] host=ixb1 python=Python 3.10.12 shard=1/4
NVIDIA B200, 183359 MiB
model:  cjvt/GaMS3-12B-Instruct
prompt: /shared/workspace/povejmo/gams_gtlm/data/prompt_v3.txt
items:  3,123

Loading checkpoint shards:   0%|          | 0/5 [00:00<?, ?it/s]Loading checkpoint shards:  20%|██        | 1/5 [00:06<00:25,  6.40s/it]Loading checkpoint shards:  40%|████      | 2/5 [00:09<00:13,  4.51s/it]Loading checkpoint shards:  60%|██████    | 3/5 [00:12<00:07,  3.84s/it]Loading checkpoint shards:  80%|████████  | 4/5 [00:16<00:03,  3.75s/it]Loading checkpoint shards: 100%|██████████| 5/5 [00:18<00:00,  3.20s/it]Loading checkpoint shards: 100%|██████████| 5/5 [00:18<00:00,  3.70s/it]
/shared/workspace/povejmo/graph_model/.venv/lib/python3.10/site-packages/transformers/generation/configuration_utils.py:628: UserWarning: `do_sample` is set to `False`. However, `temperature` is set to `0.6` -- this flag is only used in sample-based generation modes. You should set `do_sample=True` or unset `temperature`. This was detected when initializing the generation config instance, which means the corresponding file may hold incorrect parameterization and should be fixed.
  warnings.warn(
/shared/workspace/povejmo/graph_model/.venv/lib/python3.10/site-packages/transformers/generation/configuration_utils.py:633: UserWarning: `do_sample` is set to `False`. However, `top_p` is set to `0.95` -- this flag is only used in sample-based generation modes. You should set `do_sample=True` or unset `top_p`. This was detected when initializing the generation config instance, which means the corresponding file may hold incorrect parameterization and should be fixed.
  warnings.warn(
/shared/workspace/povejmo/graph_model/.venv/lib/python3.10/site-packages/transformers/generation/configuration_utils.py:650: UserWarning: `do_sample` is set to `False`. However, `top_k` is set to `64` -- this flag is only used in sample-based generation modes. You should set `do_sample=True` or unset `top_k`. This was detected when initializing the generation config instance, which means the corresponding file may hold incorrect parameterization and should be fixed.
  warnings.warn(
/shared/workspace/povejmo/graph_model/.venv/lib/python3.10/site-packages/transformers/generation/configuration_utils.py:628: UserWarning: `do_sample` is set to `False`. However, `temperature` is set to `0.6` -- this flag is only used in sample-based generation modes. You should set `do_sample=True` or unset `temperature`.
  warnings.warn(
/shared/workspace/povejmo/graph_model/.venv/lib/python3.10/site-packages/transformers/generation/configuration_utils.py:633: UserWarning: `do_sample` is set to `False`. However, `top_p` is set to `0.95` -- this flag is only used in sample-based generation modes. You should set `do_sample=True` or unset `top_p`.
  warnings.warn(
/shared/workspace/povejmo/graph_model/.venv/lib/python3.10/site-packages/transformers/generation/configuration_utils.py:650: UserWarning: `do_sample` is set to `False`. However, `top_k` is set to `64` -- this flag is only used in sample-based generation modes. You should set `do_sample=True` or unset `top_k`.
  warnings.warn(
  [32/3123]  2s
  [64/3123]  4s
  [96/3123]  6s
  [128/3123]  7s
  [160/3123]  9s
  [192/3123]  11s
  [224/3123]  13s
  [256/3123]  15s
  [288/3123]  16s
  [320/3123]  18s
  [352/3123]  20s
  [384/3123]  21s
  [416/3123]  23s
  [448/3123]  25s
  [480/3123]  27s
  [512/3123]  30s
  [544/3123]  31s
  [576/3123]  33s
  [608/3123]  35s
  [640/3123]  37s
  [672/3123]  38s
  [704/3123]  40s
  [736/3123]  42s
  [768/3123]  43s
  [800/3123]  45s
  [832/3123]  47s
  [864/3123]  49s
  [896/3123]  50s
  [928/3123]  52s
  [960/3123]  54s
  [992/3123]  55s
  [1024/3123]  57s
  [1056/3123]  59s
  [1088/3123]  60s
  [1120/3123]  62s
  [1152/3123]  64s
  [1184/3123]  66s
  [1216/3123]  68s
  [1248/3123]  70s
  [1280/3123]  72s
  [1312/3123]  73s
  [1344/3123]  75s
  [1376/3123]  77s
  [1408/3123]  78s
  [1440/3123]  80s
  [1472/3123]  82s
  [1504/3123]  84s
  [1536/3123]  85s
  [1568/3123]  89s
  [1600/3123]  91s
  [1632/3123]  93s
  [1664/3123]  95s
  [1696/3123]  97s
  [1728/3123]  98s
  [1760/3123]  101s
  [1792/3123]  103s
  [1824/3123]  106s
  [1856/3123]  108s
  [1888/3123]  111s
  [1920/3123]  113s
  [1952/3123]  115s
  [1984/3123]  116s
  [2016/3123]  118s
  [2048/3123]  120s
  [2080/3123]  122s
  [2112/3123]  124s
  [2144/3123]  125s
  [2176/3123]  127s
  [2208/3123]  129s
  [2240/3123]  131s
  [2272/3123]  133s
  [2304/3123]  134s
  [2336/3123]  136s
  [2368/3123]  138s
  [2400/3123]  140s
  [2432/3123]  142s
  [2464/3123]  143s
  [2496/3123]  145s
  [2528/3123]  147s
  [2560/3123]  149s
  [2592/3123]  150s
  [2624/3123]  152s
  [2656/3123]  154s
  [2688/3123]  156s
  [2720/3123]  158s
  [2752/3123]  159s
  [2784/3123]  161s
  [2816/3123]  163s
  [2848/3123]  164s
  [2880/3123]  166s
  [2912/3123]  168s
  [2944/3123]  170s
  [2976/3123]  172s
  [3008/3123]  174s
  [3040/3123]  176s
  [3072/3123]  177s
  [3104/3123]  179s
  [3123/3123]  180s

 type      n   parsed   recall  resolved  empty []  extra/item
   T1    174   100.0%    99.4%     96.6%      0.0%        0.01
   T2    174   100.0%    97.7%     95.4%      0.0%        0.03
   T3    173   100.0%    97.1%     94.8%      0.0%        0.03
   T4    174   100.0%    93.7%     90.8%      0.0%        0.06
   T5    174   100.0%    98.3%     96.0%      0.0%        0.02
   T6    174   100.0%    99.4%     98.3%      0.0%        0.01
   T7    160   100.0%    98.1%     98.8%      0.0%        0.02
   T8    174   100.0%   100.0%     90.8%      0.0%        0.00
   T9    174   100.0%    99.4%     96.6%      0.0%        0.01
  T10    174   100.0%    99.4%     97.7%      0.0%        0.01
  T11    154   100.0%    98.1%     96.1%      0.0%        0.05
  T12    174   100.0%   100.0%     97.7%      0.0%        0.00
  T14    174   100.0%    98.9%     94.8%      0.0%        0.01
  T15    173   100.0%    99.4%     98.3%      0.0%        0.01
  T16     29   100.0%   100.0%    100.0%      0.0%        0.00
  T17    174   100.0%    98.9%     96.6%      0.0%        0.02
  T19    173   100.0%    98.8%     96.5%      0.0%        0.01
  T20    173   100.0%    98.8%     90.2%      0.0%        0.01
  T21    174   100.0%    85.6%     92.0%      0.0%        0.40
  ALL   3123   100.0%    97.9%     95.5%      0.0%        0.04

returned strings per item: mean 1.02 p90 1 max 6
negatives: recall 98.1 % over 266 items
[wrote] /shared/workspace/povejmo/gams_gtlm/data/analysis/results/extraction_v2_items.part1.jsonl
end: Sat Aug 22 20:07:46 UTC 2026
