--------------------------------------------------------------------------------
----------------------------------------
FRIDA | https://docs.rdc.si | https://status.rdc.si                             
21:20:46 up 8 days

MAINT | all nodes                                                               
start 6 hours from now, duration 6 hours

srun: No GPUs requested; for CPU only jobs consider running on cache optimised partition amd.
store data/stores/kg_graph_v5_gemma3: 36,735,791 nodes
anchors: 4,340,597
noun anchors: 310,362
form leaves adjacent to a noun anchor: 5,214,435 (5,176,265 distinct)
form leaves total: 8,563,521
sampled 200,000 form leaves; 200,000 (100.000%) have an anchor at hop 1

cost avoided by anchor-only rendering: the gender would otherwise be repeated on 5,176,265 noun form leaves instead of 310,362 anchors (x16.7).

sample noun anchors and their forms (current text):
  ANCHOR iztočnica: Pierre (samostalnik, imenovalnik, ednina)
      oblika: Pierra (rodilnik, ednina)
      oblika: Pierreu (dajalnik, ednina)
      oblika: Pierra (tožilnik, ednina)
  ANCHOR iztočnica: Shakespeare (samostalnik, imenovalnik, ednina)
      oblika: Shakespeara (rodilnik, ednina)
      oblika: Shakespeareju (dajalnik, ednina)
      oblika: Shakespeara (tožilnik, ednina)
  ANCHOR iztočnica: Moliere (samostalnik, imenovalnik, ednina)
      oblika: Moliera (rodilnik, ednina)
      oblika: Molierju (dajalnik, ednina)
      oblika: Moliera (tožilnik, ednina)
  ANCHOR iztočnica: Gilmore (samostalnik, imenovalnik, ednina)
      oblika: Gilmora (rodilnik, ednina)
      oblika: Gilmorju (dajalnik, ednina)
      oblika: Gilmora (tožilnik, ednina)
  ANCHOR iztočnica: Hare (samostalnik, imenovalnik, ednina)
      oblika: Hara (rodilnik, ednina)
      oblika: Haru (dajalnik, ednina)
      oblika: Hara (tožilnik, ednina)
