--------------------------------------------------------------------------------
----------------------------------------
FRIDA | https://docs.rdc.si | https://status.rdc.si                             
21:18:58 up 8 days

MAINT | all nodes                                                               
start 6 hours from now, duration 6 hours

srun: No GPUs requested; for CPU only jobs consider running on cache optimised partition amd.
[scan] 401 words files
  ..40/401
  ..80/401
  ..120/401
  ..160/401
  ..200/401
  ..240/401
  ..280/401
  ..320/401
  ..360/401
  ..400/401

=== gender coverage on lexical units, by POS ===
POS                units   w/ gender     pct  >1 gender
noun             310,362     310,362 100.00%          0
adjective         52,634           0   0.00%          0
verb              18,159           0   0.00%          0
adverb            15,228           0   0.00%          0
numeral            2,434           0   0.00%          0
interjection         507           0   0.00%          0
pronoun              284           0   0.00%          0
residual             219           0   0.00%          0
abbreviation         129           0   0.00%          0
preposition           97           0   0.00%          0
particle              69           0   0.00%          0
conjunction           58           0   0.00%          0

=== gender value distribution, by POS ===
  noun: masculine=223,357, feminine=75,460, neuter=11,545

word-form-level gender triples: 3,242,639
lexical units with gender but NO partOfSpeech: 0
units with duplicate gender triples (same value repeated), by POS: {}

=== ANSWERS ===
Q1 every noun has a gender?      YES (310,362/310,362, missing 0)
Q2 exactly one gender per noun?  YES (multi-gender nouns: 0)
