host: apl  start: Sat Aug 22 00:18:45 UTC 2026
store: /shared/workspace/povejmo/gams_gtlm/data/stores/kg_graph_v7_gemma3
out  : /shared/workspace/povejmo/gams_gtlm/data/datasets/generated/v1
[load] 37,498,126 nodes / 50,058,701 edges from /shared/workspace/povejmo/gams_gtlm/data/stores/kg_graph_v7_gemma3  0.0s
[store] /shared/workspace/povejmo/gams_gtlm/data/stores/kg_graph_v7_gemma3  convention=v7  37,498,126 nodes
[pool] 10,000/100,801 anchors, 7,711 kept
[pool] 20,000/100,801 anchors, 13,758 kept
[pool] 30,000/100,801 anchors, 21,584 kept
[pool] 40,000/100,801 anchors, 29,354 kept
[pool] 60,000/100,801 anchors, 43,172 kept
[pool] 70,000/100,801 anchors, 50,378 kept
[pool] 80,000/100,801 anchors, 57,428 kept
[pool] 90,000/100,801 anchors, 64,680 kept
[pool] 100,000/100,801 anchors, 71,963 kept
[pool] 100,801/100,801 anchors, 72,334 kept
[pool] excluded 196 entries with a source-ambiguous lemma
[pool] 72,334 seed lemmas
band   lemmas   share  quota
B0      6,260    8.7%     5%
B1     11,058   15.3%    10%
B2     13,883   19.2%    15%
B3     15,455   21.4%    20%
B4     14,177   19.6%    20%
B5      8,426   11.6%    20%
B6      3,075    4.3%    10%
all    72,334
Traceback (most recent call last):
  File "/usr/lib/python3.10/runpy.py", line 196, in _run_module_as_main
    return _run_code(code, main_globals, None,
  File "/usr/lib/python3.10/runpy.py", line 86, in _run_code
    exec(code, run_globals)
  File "/shared/workspace/povejmo/gams_gtlm/data/qa/build_dataset.py", line 449, in <module>
    main()
  File "/shared/workspace/povejmo/gams_gtlm/data/qa/build_dataset.py", line 439, in main
    print(f"[aux] biti: sedanjik {len(ctx.aux['sedanjik'])} cells, "
KeyError: 'sedanjik'
