host: apl  start: Sat Aug 22 10:14:27 UTC 2026
store: /shared/workspace/povejmo/gams_gtlm/data/stores/kg_graph_v7_gemma3
out  : /shared/workspace/povejmo/gams_gtlm/data/datasets/generated/v1
[load] 37,498,126 nodes / 50,058,701 edges from /shared/workspace/povejmo/gams_gtlm/data/stores/kg_graph_v7_gemma3  0.0s
[store] /shared/workspace/povejmo/gams_gtlm/data/stores/kg_graph_v7_gemma3  convention=v7  37,498,126 nodes
[pool] 10,000/100,801 anchors, 7,711 kept
[pool] 20,000/100,801 anchors, 13,758 kept
[pool] 30,000/100,801 anchors, 21,584 kept
[pool] 40,000/100,801 anchors, 29,354 kept
[pool] 60,000/100,801 anchors, 43,172 kept
[pool] 70,000/100,801 anchors, 50,378 kept
[pool] 80,000/100,801 anchors, 57,428 kept
[pool] 90,000/100,801 anchors, 64,680 kept
[pool] 100,000/100,801 anchors, 71,963 kept
[pool] 100,801/100,801 anchors, 72,334 kept
[pool] excluded 196 entries with a source-ambiguous lemma
[pool] 72,334 seed lemmas
band   lemmas   share  quota
B0      6,260    8.7%     5%
B1     11,058   15.3%    10%
B2     13,883   19.2%    15%
B3     15,455   21.4%    20%
B4     14,177   19.6%    20%
B5      8,426   11.6%    20%
B6      3,075    4.3%    10%
all    72,334
[aux] biti: preteklik 9 cells, prihodnjik 9 cells
[avail] running every generator over 72,334 pool entries x 19 types ...
    T1    eligible  33,267
    T2    eligible  33,537
    T3    eligible  33,553
    T4    eligible  32,781
    T5    eligible   8,057
    T6    eligible   8,057
    T7    eligible   8,061
    T8    eligible  72,334
    T9    eligible  38,741
    T10   eligible   8,060
    T11   eligible     575
    T12   eligible  40,781
    T14   eligible  40,781
    T15   eligible  35,517
    T16   eligible   3,699
    T17   eligible  65,288
    T19   eligible  10,175
    T20   eligible   2,386
    T21   eligible  33,550
[out] train: 9,269 items
[out] dev: 1,040 items
[out] test: 2,185 items
--- selftest (QA_TASKS.md section 2) ---

C16 -- sl_key
  [PASS] Slovene letters collate correctly  ['cesta', 'čas', 'riba', 'sok', 'šola', 'zima', 'žito', 'xyz']
  [PASS] default sort really is wrong (so the key is not decoration)

C7 -- Slovene number agreement (T14)
  [PASS] agreement table  {}
  [PASS] accusative frame

C7 -- sense_class fixture
  [PASS] all three classes occur in the store  {'placeholder': 4000, 'defined': 6583, 'fallback': 2811}

dataset: 12,494 items (train 9,269, dev 1,040, test 2,185)

C9 -- the grader scores every gold answer as correct
  [PASS] gold == 100 % success  12,494 items

C10 -- every gold matches its type's regex, no separator inside an item
  [PASS] regex  {}
  [PASS] no separator inside an item  {}

C15 -- every set-valued gold is in canonical order
  [PASS] sl_key order  {}

C6 -- Tier C leakage
  [PASS] no antonym TAG WORD in train/dev, anywhere  {}
  [PASS] no 'opposite' vocabulary in a train/dev QUESTION  {}
    'opposite' vocabulary inside a train/dev ANSWER: 0 items {} (allowed)
  [PASS] every Tier C item is a test item  115 items

C11 -- the split is lemma-disjoint
  [PASS] no lemma on two sides  {}

C17 -- T14 == len(T12), and negatives agree
  [PASS] count matches the list (9 shared lemmas)  []
  [FAIL] negative in both or in neither  ['imitacijski']

C13 -- majority-class baseline per type (reported, not asserted)
    T1    n= 115  baseline   8.7%  'ODGOVOR: ni podatka v bazi'
    T10   n= 115  baseline  35.7%  'ODGOVOR: nedovršni'
    T11   n= 115  baseline   8.7%  'ODGOVOR: ni podatka v bazi'
    T12   n= 115  baseline   8.7%  'ODGOVOR: ni podatka v bazi'
    T14   n= 115  baseline  33.0%  'ODGOVOR: 1'
    T15   n= 115  baseline   8.7%  'ODGOVOR: ni podatka v bazi'
    T16   n= 115  baseline   8.7%  'ODGOVOR: ni podatka v bazi'
    T17   n= 115  baseline   8.7%  'ODGOVOR: ni podatka v bazi'
    T19   n= 115  baseline   8.7%  'ODGOVOR: ni podatka v bazi'
    T2    n= 115  baseline   8.7%  'ODGOVOR: ni podatka v bazi'
    T20   n= 115  baseline  66.1%  'ODGOVOR: imenovalnik ednine'
    T21   n= 115  baseline  17.4%  'ODGOVOR: mestnik dvojine ali mestnik množine'
    T3    n= 115  baseline   8.7%  'ODGOVOR: ni podatka v bazi'
    T4    n= 115  baseline   8.7%  'ODGOVOR: ni podatka v bazi'
    T5    n= 115  baseline   8.7%  'ODGOVOR: ni podatka v bazi'
    T6    n= 115  baseline   8.7%  'ODGOVOR: ni podatka v bazi'
    T7    n= 115  baseline   8.7%  'ODGOVOR: ni podatka v bazi'
    T8    n= 115  baseline  24.3%  'ODGOVOR: pridevnik'
    T9    n= 115  baseline  42.6%  'ODGOVOR: ženski spol'

C18 -- D5b reproducibility, and gold-in-ball
  [PASS] every gold phrase is in its own ball  200 items
  [PASS] the sampler is deterministic
  [PASS] the pool is sorted by node id
  [PASS] the seed depends only on the node code

SELFTEST: FAIL (1): ['negative in both or in neither']
