host: apl  start: Sat Aug 22 00:08:58 UTC 2026
store: /shared/workspace/povejmo/gams_gtlm/data/stores/kg_graph_v7_gemma3
out  : /shared/workspace/povejmo/gams_gtlm/data/datasets/generated/v1
[load] 37,498,126 nodes / 50,058,701 edges from /shared/workspace/povejmo/gams_gtlm/data/stores/kg_graph_v7_gemma3  0.0s
[store] /shared/workspace/povejmo/gams_gtlm/data/stores/kg_graph_v7_gemma3  convention=v7  37,498,126 nodes
[pool] 10,000/100,801 anchors, 7,738 kept
[pool] 20,000/100,801 anchors, 13,799 kept
[pool] 30,000/100,801 anchors, 21,641 kept
[pool] 40,000/100,801 anchors, 29,440 kept
[pool] 60,000/100,801 anchors, 43,295 kept
[pool] 70,000/100,801 anchors, 50,529 kept
[pool] 80,000/100,801 anchors, 57,592 kept
[pool] 90,000/100,801 anchors, 64,856 kept
[pool] 100,000/100,801 anchors, 72,149 kept
Traceback (most recent call last):
  File "/usr/lib/python3.10/runpy.py", line 196, in _run_module_as_main
    return _run_code(code, main_globals, None,
  File "/usr/lib/python3.10/runpy.py", line 86, in _run_code
    exec(code, run_globals)
  File "/shared/workspace/povejmo/gams_gtlm/data/qa/build_dataset.py", line 449, in <module>
    main()
  File "/shared/workspace/povejmo/gams_gtlm/data/qa/build_dataset.py", line 433, in main
    pool = seeds.build_pool(store, progress=prog)
  File "/shared/workspace/povejmo/gams_gtlm/data/qa/seeds.py", line 135, in build_pool
    assign_split(entries)
  File "/shared/workspace/povejmo/gams_gtlm/data/qa/seeds.py", line 160, in assign_split
    rows.sort()
TypeError: '<' not supported between instances of 'Entry' and 'Entry'
