host: apl  start: Sat Aug 22 22:45:57 UTC 2026
[train] 9,266 items   serialised prompt tokens  p50 2,163 p90 4,371 p99 9,268 max 34,176
           > 8,192: 171
           > 16,384: 8
           > 32,768: 1
[dev] 1,040 items   serialised prompt tokens  p50 2,156 p90 4,214 p99 10,643 max 23,102
           > 8,192: 27
           > 16,384: 1
           > 32,768: 0
[test] 2,184 items   serialised prompt tokens  p50 2,175 p90 4,984 p99 10,014 max 22,934
           > 8,192: 64
           > 16,384: 3
           > 32,768: 0
[wrote] /shared/workspace/povejmo/gams_gtlm/data/datasets/balls/v2_noretrieval
[wrote] /shared/workspace/povejmo/gams_gtlm/data/datasets/balls/v2_serialised
  ok v2_noretrieval/train: 9,266 items match the reference
  ok v2_serialised/train: 9,266 items match the reference
  ok v2_noretrieval/dev: 1,040 items match the reference
  ok v2_serialised/dev: 1,040 items match the reference
  ok v2_noretrieval/test: 2,184 items match the reference
  ok v2_serialised/test: 2,184 items match the reference

ALL VARIANTS MATCH
end: Sat Aug 22 22:46:36 UTC 2026
