host: apl  start: Sat Aug 22 20:12:28 UTC 2026
--- merge the shards and score the whole run ---
12490
scoring 12,490 rows from 1 dump(s)

 type      n   parsed   recall  resolved  empty []  extra/item
   T1    695   100.0%    99.3%     95.3%      0.0%        0.01
   T2    693   100.0%    98.7%     97.3%      0.0%        0.02
   T3    695   100.0%    98.3%     96.1%      0.0%        0.02
   T4    695   100.0%    97.0%     90.5%      0.0%        0.03
   T5    695   100.0%    98.6%     96.8%      0.0%        0.01
   T6    695   100.0%    99.0%     97.8%      0.0%        0.01
   T7    643   100.0%    98.6%     98.3%      0.0%        0.01
   T8    694   100.0%    98.7%     90.6%      0.0%        0.02
   T9    695   100.0%    99.6%     97.0%      0.0%        0.00
  T10    695   100.0%    99.3%     96.0%      0.0%        0.01
  T11    618   100.0%    98.2%     95.6%      0.0%        0.05
  T12    695   100.0%    99.3%     95.8%      0.0%        0.01
  T14    695   100.0%    99.0%     95.4%      0.0%        0.01
  T15    695   100.0%    99.4%     98.1%      0.0%        0.01
  T16    115   100.0%   100.0%     99.1%      0.0%        0.00
  T17    694   100.0%    99.1%     96.4%      0.0%        0.01
  T19    695   100.0%    99.3%     96.4%      0.0%        0.01
  T20    694   100.0%    98.7%     90.8%      0.0%        0.02
  T21    694    99.9%    82.7%     93.9%      0.0%        0.43
  ALL  12490   100.0%    97.9%     95.5%      0.0%        0.04

returned strings per item: mean 1.02 p90 1 max 6
negatives: recall 96.9 % over 1068 items

[wrote] /shared/workspace/povejmo/gams_gtlm/data/analysis/results/extraction_v2.json
--- relabel ---
12,490 items, 12,490 extraction rows, 129 boilerplate words
[load] 37,498,126 nodes / 50,058,701 edges from /shared/workspace/povejmo/gams_gtlm/data/stores/kg_graph_v7_gemma3  0.0s

        policy   items    share
          keep  11,752   94.09 %
    wrong_ball     173    1.39 %
  extract_miss     565    4.52 %

empty target set (single-node ball): 445 (3.56 %)
union of >1 anchor:                  1,167 (9.34 %)
decoy tiers: {'term': 75, 'content': 90, 'sentence': 8}
distinct decoys: 137, most used: [('ednino', 3), ('sklanjatve', 3), ('orodnik', 3), ('preteklik', 3), ('prihodnjik', 3)]

[wrote] /shared/workspace/povejmo/gams_gtlm/data/datasets/generated/v2_relabelled
--- selftest on the relabelled set ---

C16 -- sl_key
  [PASS] Slovene letters collate correctly  ['cesta', 'čas', 'riba', 'sok', 'šola', 'zima', 'žito', 'xyz']
  [PASS] default sort really is wrong (so the key is not decoration)

C7 -- Slovene number agreement (T14)
  [PASS] agreement table  {}
  [PASS] accusative frame

C7 -- sense_class fixture
  [PASS] all three classes occur in the store  {'placeholder': 4000, 'defined': 6583, 'fallback': 2811}

dataset: 12,490 items (train 9,266, dev 1,040, test 2,184)

C9 -- the grader scores every gold answer as correct
  [PASS] gold == 100 % success  12,490 items

C10 -- every gold matches its type's regex, no separator inside an item
  [PASS] regex  {}
  [PASS] no separator inside an item  {}

C15 -- every set-valued gold is in canonical order
  [PASS] sl_key order  {}

C6 -- Tier C leakage
  [PASS] no antonym TAG WORD in train/dev, anywhere  {}
  [PASS] no 'opposite' vocabulary in a train/dev QUESTION  {}
    'opposite' vocabulary inside a train/dev ANSWER: 3 items {'nasprotno': 2, 'nasprotje': 1} (allowed)
  [PASS] every Tier C item is a test item  115 items

C11 -- the split is lemma-disjoint
  [PASS] no lemma on two sides  {}

C17 -- T14 == len(T12), and negatives agree
  [PASS] count matches the list (76 shared lemmas)  []
  [PASS] negative in both or in neither  []

C13 -- majority-class baseline per type (reported, not asserted)
    T1    n= 115  baseline   9.6%  'ODGOVOR: ni podatka v bazi'
    T10   n= 115  baseline  45.2%  'ODGOVOR: dovršni'
    T11   n= 115  baseline  11.3%  'ODGOVOR: ni podatka v bazi'
    T12   n= 115  baseline  11.3%  'ODGOVOR: ni podatka v bazi'
    T14   n= 115  baseline  32.2%  'ODGOVOR: 1'
    T15   n= 115  baseline  10.4%  'ODGOVOR: ni podatka v bazi'
    T16   n= 115  baseline   9.6%  'ODGOVOR: ni podatka v bazi'
    T17   n= 115  baseline   9.6%  'ODGOVOR: ni podatka v bazi'
    T19   n= 115  baseline  10.4%  'ODGOVOR: ni podatka v bazi'
    T2    n= 114  baseline  11.4%  'ODGOVOR: ni podatka v bazi'
    T20   n= 115  baseline  57.4%  'ODGOVOR: imenovalnik ednine'
    T21   n= 115  baseline  13.0%  'ODGOVOR: ni podatka v bazi'
    T3    n= 115  baseline   9.6%  'ODGOVOR: ni podatka v bazi'
    T4    n= 115  baseline  10.4%  'ODGOVOR: ni podatka v bazi'
    T5    n= 115  baseline  10.4%  'ODGOVOR: ni podatka v bazi'
    T6    n= 115  baseline  11.3%  'ODGOVOR: ni podatka v bazi'
    T7    n= 115  baseline  11.3%  'ODGOVOR: ni podatka v bazi'
    T8    n= 115  baseline  27.0%  'ODGOVOR: pridevnik'
    T9    n= 115  baseline  40.9%  'ODGOVOR: ženski spol'

C18 -- D5b reproducibility, and gold-in-ball
  [PASS] every gold phrase is in its own ball  200 items
  [PASS] the sampler is deterministic
  [PASS] the pool is sorted by node id
  [PASS] the seed depends only on the node code

SELFTEST: PASS
end: Sat Aug 22 20:12:37 UTC 2026
