host: aga  cpus: 16  variant: gams2b  start: Thu Aug 20 13:29:14 UTC 2026
store: /shared/workspace/povejmo/gams_gtlm/data/kg_graph_v4_gams2b
ref  : /shared/workspace/povejmo/gams_gtlm/data/kg_graph_v3_1_gams2b
env OK  /shared/workspace/povejmo/graph_model/.venv/bin/python 3.10.12 numpy 1.26.4 transformers 4.50.3
KG dir: /shared/workspace/povejmo/gams_gtlm/data/kg_raw/OntoLex DSB  (2594 .nt files)
[parse] 2594 files x 16 workers
[parse] 200/2594  6s
[parse] 400/2594  11s
[parse] 600/2594  16s
[parse] 800/2594  20s
[parse] 1000/2594  25s
[parse] 1200/2594  31s
[parse] 1400/2594  42s
[parse] 1600/2594  55s
[parse] 1800/2594  61s
[parse] 2000/2594  66s
[parse] 2200/2594  70s
[parse] 2400/2594  82s
[trans] dropped 155,140 translation-chain edges (collapsed onto translation-form)
[parse] done 108s  canon=4,340,597 other=8,678,916 sense=8,468,227 usage=14,722,502 constit=10,265,230 corr=10,262,712 tsrc=77,570 member=9,645,845 syn=362,520 ant=6,898 wr=12,900,645 wrf=77,570 dfn=225,618 val=12,119,158 feat=8,956,733 unit=18,182 pos=400,180
[feat] reachable on word entries: vform=452,782 person=253,497 definiteness=160,524 aspect=18,157 clitic=25
[collapse] 10,253,936 MWE->word constituent edges
[colloc] 4,717,087 collocation IRIs, member-count hist={1: 8875, 2: 4707758, 3: 406, 4: 44, 5: 4}, 4,707,758 binary -> 2,981,731 distinct pairings
[reify] syn=181,260 ant=3,449 pairings
[nodes] 33,569,351 IRI-backed nodes, 42,201,151 IRI-backed edges
[sense] 3,688,823 senses have a usable first example, 8,088,702 are in a polysemous entry
[sense] 8,088,702 numbered, 3,662,840 carry an example snippet
[text] 33,569,072 with text, 279 textless (0.00%) by type: {'word-form': 278, 'example': 1}
[mint] 181,260 sopomenka + 3,449 protipomenka + 2,981,731 kolokacija nodes (6,332,880 edges)
[nodes] final 36,735,791 nodes / 48,534,031 directed edges  (279 textless, 0.00%)
[csr] 97,068,062 half-edges  393s
[tok] cjvt/GaMS-2B loaded (vocab 256,000)
[tok] 36,023,278 unique node texts
[save] text 10,000,000/36,735,791
[save] text 20,000,000/36,735,791
[save] text 30,000,000/36,735,791
[save] text_blob.bin 2.54 GB (279 textless)  18s
[save] node_codes.npy 256 MB
[save] ntype.npy 140 MB
[save] kind.npy 35 MB
[save] mwe_set.npy 35 MB
[save] indptr.npy 280 MB
[save] indices.npy 370 MB
[save] token_len.npy 140 MB
[save] 4.04 GB to /shared/workspace/povejmo/gams_gtlm/data/kg_graph_v4_gams2b  20s
[done] --no-analysis: stopping after the build
--- verifying the store ---
[load] 36,735,791 nodes / 48,534,031 edges from /shared/workspace/povejmo/gams_gtlm/data/kg_graph_v4_gams2b  0.0s
{
  "nodes": 36735791,
  "edges": 48534031,
  "half_edges": 97068062,
  "half_edges_checked": 6817,
  "sampled_textless": 0,
  "manifest_textless": 279,
  "token_len_zero": 279,
  "token_len_mean": 25.187859872133963,
  "total_GB": 4.04,
  "problems": []
}
--- store contents ---
total 4239772
drwxr-s--- 1 dario.vajda povejmo          0 Aug 20 13:47 .
drwxr-s--- 1 dario.vajda povejmo          0 Aug 20 13:46 ..
-rw-r----- 1 dario.vajda povejmo  388272376 Aug 20 13:47 indices.npy
-rw-r----- 1 dario.vajda povejmo  293886464 Aug 20 13:47 indptr.npy
-rw-r----- 1 dario.vajda povejmo   36735919 Aug 20 13:47 kind.npy
-rw-r----- 1 dario.vajda povejmo       3281 Aug 20 13:47 manifest.json
-rw-r----- 1 dario.vajda povejmo   36735919 Aug 20 13:47 mwe_set.npy
-rw-r----- 1 dario.vajda povejmo  268554936 Aug 20 13:47 node_codes.npy
-rw-r----- 1 dario.vajda povejmo  146943292 Aug 20 13:47 ntype.npy
-rw-r----- 1 dario.vajda povejmo 2729547970 Aug 20 13:47 text_blob.bin
-rw-r----- 1 dario.vajda povejmo  293886464 Aug 20 13:47 text_off.npy
-rw-r----- 1 dario.vajda povejmo  146943292 Aug 20 13:47 token_len.npy
4.1G	/shared/workspace/povejmo/gams_gtlm/data/kg_graph_v4_gams2b
--- acceptance: v4 vs v3.1 (same tokenizer) ---
new: /shared/workspace/povejmo/gams_gtlm/data/kg_graph_v4_gams2b
old: /shared/workspace/povejmo/gams_gtlm/data/kg_graph_v3_1_gams2b

manifest text_convention = 'v4'  tokenizer = 'cjvt/GaMS-2B'
--- 1. structure: v4 must change text only ---
    node_codes.npy   identical=True  f50b62aec05ba849506161a7d283283e
    ntype.npy        identical=True  e9696f7118e14956fde99b37e1c0ab9c
    kind.npy         identical=True  7ff6592edeb6c9d231cbb2089da70aea
    mwe_set.npy      identical=True  79a8880e736f843ce87f6f9e00b8c351
    indptr.npy       identical=True  fef184086c16b1d78c70fd5a62ad384f
    indices.npy      neighbour sets identical, 53,965 of 36,735,791 rows reordered (0.15%)

--- 2/3. text diff: additive, anchors and forms only ---
    nodes with changed text : 614,287 of 36,735,791 (1.67%)
      anchor           70,873
      form            543,414
    violations: shrank=0  surface changed=0  not additive=0  wrong kind=0
    sample of what changed:
      - iztočnica: Shakespearejev (pridevnik, imenovalnik, ednina, moški spol, osnovnik)
      + iztočnica: Shakespearejev (pridevnik, imenovalnik, ednina, moški spol, osnovnik, nedoločna oblika)
      - iztočnica: Shakespeareov (pridevnik, imenovalnik, ednina, moški spol, osnovnik)
      + iztočnica: Shakespeareov (pridevnik, imenovalnik, ednina, moški spol, osnovnik, nedoločna oblika)
      - iztočnica: Shakespearov (pridevnik, imenovalnik, ednina, moški spol, osnovnik)
      + iztočnica: Shakespearov (pridevnik, imenovalnik, ednina, moški spol, osnovnik, nedoločna oblika)
      - iztočnica: Shakespearjev (pridevnik, imenovalnik, ednina, moški spol, osnovnik)
      + iztočnica: Shakespearjev (pridevnik, imenovalnik, ednina, moški spol, osnovnik, nedoločna oblika)
      - iztočnica: Molierejev (pridevnik, imenovalnik, ednina, moški spol, osnovnik)
      + iztočnica: Molierejev (pridevnik, imenovalnik, ednina, moški spol, osnovnik, nedoločna oblika)
      - iztočnica: Moliereov (pridevnik, imenovalnik, ednina, moški spol, osnovnik)
      + iztočnica: Moliereov (pridevnik, imenovalnik, ednina, moški spol, osnovnik, nedoločna oblika)
      - iztočnica: Molierov (pridevnik, imenovalnik, ednina, moški spol, osnovnik)
      + iztočnica: Molierov (pridevnik, imenovalnik, ednina, moški spol, osnovnik, nedoločna oblika)
      - iztočnica: Molierjev (pridevnik, imenovalnik, ednina, moški spol, osnovnik)
      + iztočnica: Molierjev (pridevnik, imenovalnik, ednina, moški spol, osnovnik, nedoločna oblika)

--- 4. the defect this change exists to fix ---
    before form nodes identical to a sibling:    86,848  (anchors affected 20,546)
    after  form nodes identical to a sibling:       418  (anchors affected 53)
    reduction: 99.5%  (required >= 85%)

ACCEPTANCE: PASS
end: Thu Aug 20 13:50:25 UTC 2026
