host: apl  cpus: 16  variant: gemma3  start: Fri Aug 21 21:24:47 UTC 2026
store: /shared/workspace/povejmo/gams_gtlm/data/stores/kg_graph_v6_gemma3
ref  : /shared/workspace/povejmo/gams_gtlm/data/stores/kg_graph_v5_gemma3
env OK  /shared/workspace/povejmo/graph_model/.venv/bin/python 3.10.12 numpy 1.26.4 transformers 4.50.3
KG dir: /shared/workspace/povejmo/gams_gtlm/data/kg_raw/OntoLex DSB  (2594 .nt files)
[parse] 2594 files x 16 workers
[parse] 200/2594  6s
[parse] 400/2594  10s
[parse] 600/2594  14s
[parse] 800/2594  19s
[parse] 1000/2594  24s
[parse] 1200/2594  29s
[parse] 1400/2594  39s
[parse] 1600/2594  50s
[parse] 1800/2594  56s
[parse] 2000/2594  60s
[parse] 2200/2594  65s
[parse] 2400/2594  75s
[trans] dropped 155,140 translation-chain edges (collapsed onto translation-form)
[parse] done 93s  canon=4,340,597 other=8,678,916 sense=8,468,227 usage=14,722,502 constit=10,265,230 corr=10,262,712 tsrc=77,570 member=9,645,845 syn=362,520 ant=6,898 wr=12,900,645 wrf=77,570 dfn=225,618 val=12,119,158 feat=8,956,733 unit=328,544 pos=400,180
[feat] reachable on word entries: vform=452,782 person=253,497 definiteness=160,524 aspect=18,157 clitic=25
[collapse] 10,253,936 MWE->word constituent edges
[colloc] 4,717,087 collocation IRIs, member-count hist={1: 8875, 2: 4707758, 3: 406, 4: 44, 5: 4}, 4,707,758 binary -> 2,981,731 distinct pairings
[reify] syn=181,260 ant=3,449 pairings
[nodes] 33,569,351 IRI-backed nodes, 42,201,151 IRI-backed edges
[sense] 3,688,823 senses have a usable first example, 8,088,702 are in a polysemous entry
[sense] 8,088,702 numbered, 3,662,840 carry an example snippet
[text] 33,569,072 with text, 279 textless (0.00%) by type: {'word-form': 278, 'example': 1}
[mint] 181,260 sopomenka + 3,449 protipomenka + 2,981,731 kolokacija nodes (6,332,880 edges)
[colloc] 2,981,731 of 2,981,731 collocation nodes verbalised (100.00%), 0 fell back to the lemma pair
[nodes] final 36,735,791 nodes / 48,534,031 directed edges  (279 textless, 0.00%)
[csr] 97,068,062 half-edges  332s
[tok] cjvt/GaMS3-12B-Instruct loaded (vocab 262,145)
[tok] 36,057,608 unique node texts
[save] text 10,000,000/36,735,791
[save] text 20,000,000/36,735,791
[save] text 30,000,000/36,735,791
[save] text_blob.bin 2.55 GB (279 textless)  16s
[save] node_codes.npy 256 MB
[save] ntype.npy 140 MB
[save] kind.npy 35 MB
[save] mwe_set.npy 35 MB
[save] indptr.npy 280 MB
[save] indices.npy 370 MB
[save] token_len.npy 140 MB
[save] 4.05 GB to /shared/workspace/povejmo/gams_gtlm/data/stores/kg_graph_v6_gemma3  17s
[done] --no-analysis: stopping after the build
--- verifying the store ---
[load] 36,735,791 nodes / 48,534,031 edges from /shared/workspace/povejmo/gams_gtlm/data/stores/kg_graph_v6_gemma3  0.0s
{
  "nodes": 36735791,
  "edges": 48534031,
  "half_edges": 97068062,
  "half_edges_checked": 6817,
  "sampled_textless": 0,
  "manifest_textless": 279,
  "token_len_zero": 279,
  "token_len_mean": 25.00083621446997,
  "total_GB": 4.05,
  "problems": []
}
--- store contents ---
total 4243652
drwxr-s--- 1 dario.vajda povejmo          0 Aug 21 21:40 .
drwxr-s--- 1 dario.vajda povejmo          0 Aug 21 21:40 ..
-rw-r----- 1 dario.vajda povejmo  388272376 Aug 21 21:40 indices.npy
-rw-r----- 1 dario.vajda povejmo  293886464 Aug 21 21:40 indptr.npy
-rw-r----- 1 dario.vajda povejmo   36735919 Aug 21 21:40 kind.npy
-rw-r----- 1 dario.vajda povejmo       3412 Aug 21 21:40 manifest.json
-rw-r----- 1 dario.vajda povejmo   36735919 Aug 21 21:40 mwe_set.npy
-rw-r----- 1 dario.vajda povejmo  268554936 Aug 21 21:40 node_codes.npy
-rw-r----- 1 dario.vajda povejmo  146943292 Aug 21 21:40 ntype.npy
-rw-r----- 1 dario.vajda povejmo 2733519953 Aug 21 21:40 text_blob.bin
-rw-r----- 1 dario.vajda povejmo  293886464 Aug 21 21:40 text_off.npy
-rw-r----- 1 dario.vajda povejmo  146943292 Aug 21 21:40 token_len.npy
4.1G	/shared/workspace/povejmo/gams_gtlm/data/stores/kg_graph_v6_gemma3
--- acceptance: v6 vs v5 (same tokenizer) ---
new: /shared/workspace/povejmo/gams_gtlm/data/stores/kg_graph_v6_gemma3
old: /shared/workspace/povejmo/gams_gtlm/data/stores/kg_graph_v5_gemma3

manifest text_convention = 'v6'  tokenizer = 'cjvt/GaMS3-12B-Instruct'
manifest unit_props      = ['aspect', 'gender', 'clitic']
--- 1. structure: v6 must change text only ---
    node_codes.npy   identical=True  f50b62aec05ba849506161a7d283283e
    ntype.npy        identical=True  e9696f7118e14956fde99b37e1c0ab9c
    kind.npy         identical=True  7ff6592edeb6c9d231cbb2089da70aea
    mwe_set.npy      identical=True  79a8880e736f843ce87f6f9e00b8c351
    indptr.npy       identical=True  fef184086c16b1d78c70fd5a62ad384f
    indices.npy      neighbour sets identical, 169,202 of 36,735,791 rows reordered (0.46%)

--- 2/3/4. text diff: additive, noun anchors only, gender only ---
    nodes with changed text : 310,362 of 36,735,791 (0.84%)
      anchor          310,362
    labels added: moški spol=223,357, ženski spol=75,460, srednji spol=11,545
    violations: shrank=0  surface changed=0  not additive=0  wrong kind=0  non-gender addition=0  not a noun=0
    sample of what changed:
      - iztočnica: Pierre (samostalnik, imenovalnik, ednina)
      + iztočnica: Pierre (samostalnik, moški spol, imenovalnik, ednina)
      - iztočnica: Shakespeare (samostalnik, imenovalnik, ednina)
      + iztočnica: Shakespeare (samostalnik, moški spol, imenovalnik, ednina)
      - iztočnica: Moliere (samostalnik, imenovalnik, ednina)
      + iztočnica: Moliere (samostalnik, moški spol, imenovalnik, ednina)
      - iztočnica: Gilmore (samostalnik, imenovalnik, ednina)
      + iztočnica: Gilmore (samostalnik, moški spol, imenovalnik, ednina)
      - iztočnica: Hare (samostalnik, imenovalnik, ednina)
      + iztočnica: Hare (samostalnik, moški spol, imenovalnik, ednina)
      - iztočnica: Saussure (samostalnik, imenovalnik, ednina)
      + iztočnica: Saussure (samostalnik, moški spol, imenovalnik, ednina)
      - iztočnica: Barrymore (samostalnik, imenovalnik, ednina)
      + iztočnica: Barrymore (samostalnik, moški spol, imenovalnik, ednina)
      - iztočnica: Voltaire (samostalnik, imenovalnik, ednina)
      + iztočnica: Voltaire (samostalnik, moški spol, imenovalnik, ednina)

--- 5/6. coverage, and forms must NOT repeat the label ---
    noun anchors: 310,430
      carrying a gender: 310,362 (99.978%)  (required >= 99%)
      anchors changed vs v5: 310,362
    noun form leaves sampled: 839,695  carrying a gender: 0 (required 0)

ACCEPTANCE: PASS
end: Fri Aug 21 21:42:22 UTC 2026
