host: apl  cpus: 16  start: Wed Aug 19 09:44:46 UTC 2026
env OK  /shared/workspace/povejmo/graph_model/.venv/bin/python 3.10.12 numpy 1.26.4 transformers 4.50.3
KG dir: /shared/workspace/povejmo/gams_gtlm/data/kg_raw/OntoLex DSB  (2594 .nt files)
[parse] 2594 files x 16 workers
[parse] 200/2594  5s
[parse] 400/2594  10s
[parse] 600/2594  14s
[parse] 800/2594  19s
[parse] 1000/2594  23s
[parse] 1200/2594  28s
[parse] 1400/2594  39s
[parse] 1600/2594  50s
[parse] 1800/2594  55s
[parse] 2000/2594  60s
[parse] 2200/2594  64s
[parse] 2400/2594  75s
[trans] dropped 155,140 translation-chain edges (collapsed onto translation-form)
[parse] done 95s  canon=4,340,597 other=8,678,916 sense=8,468,227 usage=14,722,502 constit=10,265,230 corr=10,262,712 tsrc=77,570 member=9,645,845 syn=362,520 ant=6,898 wr=12,900,645 wrf=77,570 dfn=225,618 val=12,119,158 feat=8,920,501 pos=400,180
[collapse] 10,253,936 MWE->word constituent edges
[colloc] 4,717,087 collocation IRIs, member-count hist={1: 8875, 2: 4707758, 3: 406, 4: 44, 5: 4}, 4,707,758 binary -> 2,981,731 distinct pairings
[reify] syn=181,260 ant=3,449 pairings
[nodes] 33,569,351 IRI-backed nodes, 42,201,151 IRI-backed edges
[sense] 3,688,823 senses have a usable first example, 8,088,702 are in a polysemous entry
[sense] 8,088,702 numbered, 3,662,840 carry an example snippet
[text] 33,569,072 with text, 279 textless (0.00%) by type: {'word-form': 278, 'example': 1}
[mint] 181,260 sopomenka + 3,449 protipomenka + 2,981,731 kolokacija nodes (6,332,880 edges)
[nodes] final 36,735,791 nodes / 48,534,031 directed edges  (279 textless, 0.00%)
[csr] 97,068,062 half-edges  363s
[tok] GaMS-2B loaded
[tok] 35,979,029 unique node texts
[save] text 10,000,000/36,735,791
[save] text 20,000,000/36,735,791
[save] text 30,000,000/36,735,791
[save] text_blob.bin 2.53 GB (279 textless)  18s
[save] node_codes.npy 256 MB
[save] ntype.npy 140 MB
[save] kind.npy 35 MB
[save] mwe_set.npy 35 MB
[save] indptr.npy 280 MB
[save] indices.npy 370 MB
[save] token_len.npy 140 MB
[save] 4.03 GB to /shared/workspace/povejmo/gams_gtlm/data/kg_graph_v3_1  19s
[done] --no-analysis: stopping after the build
--- verifying the store ---
[load] 36,735,791 nodes / 48,534,031 edges from /shared/workspace/povejmo/gams_gtlm/data/kg_graph_v3_1  0.0s
{
  "nodes": 36735791,
  "edges": 48534031,
  "half_edges": 97068062,
  "half_edges_checked": 6817,
  "sampled_textless": 0,
  "manifest_textless": 279,
  "token_len_zero": 279,
  "token_len_mean": 25.0622260454389,
  "total_GB": 4.03,
  "problems": []
}
--- store contents ---
total 4228628
drwxr-s--- 1 dario.vajda povejmo          0 Aug 19 10:01 .
drwxr-s--- 1 dario.vajda povejmo          0 Aug 19 10:01 ..
-rw-r----- 1 dario.vajda povejmo  388272376 Aug 19 10:01 indices.npy
-rw-r----- 1 dario.vajda povejmo  293886464 Aug 19 10:01 indptr.npy
-rw-r----- 1 dario.vajda povejmo   36735919 Aug 19 10:01 kind.npy
-rw-r----- 1 dario.vajda povejmo       2874 Aug 19 10:01 manifest.json
-rw-r----- 1 dario.vajda povejmo   36735919 Aug 19 10:01 mwe_set.npy
-rw-r----- 1 dario.vajda povejmo  268554936 Aug 19 10:01 node_codes.npy
-rw-r----- 1 dario.vajda povejmo  146943292 Aug 19 10:01 ntype.npy
-rw-r----- 1 dario.vajda povejmo 2718135597 Aug 19 10:01 text_blob.bin
-rw-r----- 1 dario.vajda povejmo  293886464 Aug 19 10:01 text_off.npy
-rw-r----- 1 dario.vajda povejmo  146943292 Aug 19 10:01 token_len.npy
4.1G	/shared/workspace/povejmo/gams_gtlm/data/kg_graph_v3_1
--- sample node texts ---
--- anchor (4,340,597) ---
    iztočnica: Pierre (samostalnik, imenovalnik, ednina)
    iztočnica: Shakespeare (samostalnik, imenovalnik, ednina)
    iztočnica: Shakespearejev (pridevnik, imenovalnik, ednina, moški spol, osnovnik)
--- form (8,563,521) ---
    oblika: Pierra (rodilnik, ednina)
    oblika: Pierreu (dajalnik, ednina)
    oblika: Pierra (tožilnik, ednina)
--- sense (8,468,227) ---
    pomen 1: Pierre
    pomen: Shakespeare
    pomen: Shakespearejev
--- example (12,119,157) ---
    zgled: Kislo zelje z brinom pripravimo tako, da oljčno olje zmešamo s strtimi brinovimi jagodami, prelijemo po kislem zelju in premešamo.
    zgled: Vsak konjenik je dobil simbolno darilo: žganje z brinom ter malico.
    zgled: Oktobra se je nepričakovano odločil obesiti drsalke na klin.
--- translation (77,570) ---
    prevod (madžarsko): boróka
    prevod (madžarsko): borókabogyó
    prevod (madžarsko): borókaág
--- collocation (2,981,731) ---
    kolokacija: Pierre + baron
    kolokacija: Pierre + komisar
    kolokacija: Pierre + medalja
--- synonym (181,260) ---
    sopomenka: Shakespeare ~ Pevec
    sopomenka: otrok ~ dete
    sopomenka: otrok ~ otroček
--- antonym (3,449) ---
    protipomenka: abolirati ~ uveljaviti
    protipomenka: abolirati ~ vzpostaviti
    protipomenka: agitirati ~ pomiriti
--- other (279) ---
    
    
    
--- FLAW 6 check: 0 sense/example nodes still contain a literal backslash-quote (v3 had 3.48% of examples) ---
--- FLAW 5 check: 182,581 polysemous anchors sampled, 0 still have duplicate sibling sense texts (0.00%; v3 was 97.7%) ---
    iztočnica: bojevanje s kemičnim orožjem
       pomen 1: bojevanje s kemičnim orožjem
       pomen 2: bojevanje s kemičnim orožjem
       pomen 3: bojevanje s kemičnim orožjem
       pomen 4: vojskovanje z uporabo kemičnih sredstev za ubijanje, ranjenje ali onemogočanje sovražnika
end: Wed Aug 19 10:02:07 UTC 2026
